#-----------------------------------------------------------
# Vivado v2023.1 (64-bit)
# SW Build 3865809 on Sun May  7 15:05:29 MDT 2023
# IP Build 3864474 on Sun May  7 20:36:21 MDT 2023
# SharedData Build 3865790 on Sun May 07 13:33:03 MDT 2023
# Start of session at: Mon Nov 13 18:53:25 2023
# Process ID: 17716
# Current directory: C:/Users/vivek/OneDrive/Desktop/Laptop_bkup_033123/Khithani/Masters _Subjects/Hardware_Security/Assignments/Assignment2/lab1_Group4_sm10141_vk2279/AES_SV
# Command line: vivado.exe -gui_launcher_event rodinguilauncherevent8036 C:\Users\vivek\OneDrive\Desktop\Laptop_bkup_033123\Khithani\Masters _Subjects\Hardware_Security\Assignments\Assignment2\lab1_Group4_sm10141_vk2279\AES_SV\AES_SV.xpr
# Log file: C:/Users/vivek/OneDrive/Desktop/Laptop_bkup_033123/Khithani/Masters _Subjects/Hardware_Security/Assignments/Assignment2/lab1_Group4_sm10141_vk2279/AES_SV/vivado.log
# Journal file: C:/Users/vivek/OneDrive/Desktop/Laptop_bkup_033123/Khithani/Masters _Subjects/Hardware_Security/Assignments/Assignment2/lab1_Group4_sm10141_vk2279/AES_SV\vivado.jou
# Running On: Vivek, OS: Windows, CPU Frequency: 2803 MHz, CPU Physical cores: 4, Host memory: 16801 MB
#-----------------------------------------------------------
start_gui
open_project {C:/Users/vivek/OneDrive/Desktop/Laptop_bkup_033123/Khithani/Masters _Subjects/Hardware_Security/Assignments/Assignment2/lab1_Group4_sm10141_vk2279/AES_SV/AES_SV.xpr}
upgrade_project -migrate_output_products
update_compile_order -fileset sources_1
